Microchip MPLAB XC8 Compiler V3.00

Linker command line:

-W-3 \
  --edf=C:\Program Files\Microchip\xc8\v3.00\pic\dat\20241204225717_en.msgs \
  -cn -h+dist/default/production\ecu_1.X.production.sym \
  --cmf=dist/default/production\ecu_1.X.production.cmf -z -Q18F4580 \
  -oC:\Users\Ramesh\AppData\Local\Temp\xcCsjs0.2\driver_tmp_3.o \
  --defsym=__MPLAB_BUILD=1 --fixupoverflow=error \
  -Mdist/default/production/ecu_1.X.production.map \
  --md=C:\Users\Ramesh\AppData\Local\Temp\xcCsjs0.2\driver_tmp_0.dat -E1 \
  -ver=XC8 Compiler -ACODE=00h-03000h -ACONST=00h-03000h \
  -ASMALLCONST=0600h-06FFhx42,03000h-03000h -AMEDIUMCONST=0600h-03000h \
  -ACOMRAM=01h-05Fh -AABS1=00h-05FFh -ABIGRAM=01h-05FFh \
  -ARAM=060h-0FFh,0100h-01FFhx5 -ABANK0=060h-0FFh -ABANK1=0100h-01FFh \
  -ABANK2=0200h-02FFh -ABANK3=0300h-03FFh -ABANK4=0400h-04FFh \
  -ABANK5=0500h-05FFh -ASFR=0D00h-0DFFhx2,0F00h-0F5Fh,0F60h-0FFFh \
  -ABIGSFR=0D00h-0FFFh -ACONFIG=0300000h-030000Dh -AIDLOC=0200000h-0200007h \
  -AEEDATA=0F00000h-0F000FFh -peeprom_data=EEDATA \
  -preset_vec=00h,intcode=8h,intcodelo=18h,sivt_lo,sivt_hi=CODE \
  -ppowerup=CODE,init -pramtop=0600h -psmallconst=SMALLCONST \
  -pmediumconst=MEDIUMCONST -pconst=CONST -AFARRAM=00h-00h \
  -prdata=COMRAM,nvrram=COMRAM,nvbit=COMRAM,rbss=COMRAM,rbit=COMRAM \
  -pfarbss=FARRAM,fardata=FARRAM,nvFARRAM=FARRAM \
  -pintsave_regs=BIGRAM,bigbss=BIGRAM,bigdata=BIGRAM -pbss=RAM \
  -pidata=CODE,irdata=CODE,ibigdata=CODE,ifardata=CODE -prparam=COMRAM \
  C:\Users\Ramesh\AppData\Local\Temp\xcCsjs0.2\driver_tmp_9.o \
  dist/default/production\ecu_1.X.production.o 

Object code version is 3.11

Machine type is 18F4580



                Name                               Link     Load   Length Selector   Space Scale
C:\Users\Ramesh\AppData\Local\Temp\xcCsjs0.2\driver_tmp_9.o
                idloc                            200000   200000        8        0       5
                config                           300000   300000        E        0       4
                init                               2FFC     2FFC        4     17FE       0
                reset_vec                             0        0        4        0       0
dist/default/production\ecu_1.X.production.o
                idloc                            200000   200000        8        0       5
                config                           300000   300000        E        0       4
                smallconst                          600      600        2      300       0
                text15                             13AC     13AC       C2      301       0
                text14                             146E     146E       AE      301       0
                text13                              A28      A28      390      301       0
                text12                              602      602      426      301       0
                text11                             12A6     12A6      106      301       0
                text10                             10F2     10F2      1B4      301       0
                text9                              15BA     15BA       94      301       0
                text8                              180A     180A       1C      301       0
                text7                              1716     1716       4A      301       0
                text6                              17A6     17A6       3A      301       0
                text5                              151C     151C       9E      301       0
                text4                              1826     1826       12      301       0
                text3                              1760     1760       46      301       0
                text2                              16C2     16C2       54      301       0
                text1                              164E     164E       74      301       0
                text0                               DB8      DB8      33A      301       0
                cstackCOMRAM                          1        1       4F        1       1
                bssBANK0                             60       60        D       60       1
                dataCOMRAM                           53       53        1        1       1
                bssCOMRAM                            50       50        3        1       1
                cinit                              17E0     17E0       2A      301       0
                idataCOMRAM                        3000     3000        1     17FE       0

TOTAL           Name                               Link     Load   Length     Space
        CLASS   CODE           
                init                               2FFC     2FFC        4         0
                reset_vec                             0        0        4         0
                text15                             13AC     13AC       C2         0
                text14                             146E     146E       AE         0
                text13                              A28      A28      390         0
                text12                              602      602      426         0
                text11                             12A6     12A6      106         0
                text10                             10F2     10F2      1B4         0
                text9                              15BA     15BA       94         0
                text8                              180A     180A       1C         0
                text7                              1716     1716       4A         0
                text6                              17A6     17A6       3A         0
                text5                              151C     151C       9E         0
                text4                              1826     1826       12         0
                text3                              1760     1760       46         0
                text2                              16C2     16C2       54         0
                text1                              164E     164E       74         0
                text0                               DB8      DB8      33A         0
                cinit                              17E0     17E0       2A         0
                idataCOMRAM                        3000     3000        1         0

        CLASS   CONST          

        CLASS   SMALLCONST     
                smallconst                          600      600        2         0

        CLASS   MEDIUMCONST    

        CLASS   COMRAM         
                cstackCOMRAM                          1        1       4F         1
                dataCOMRAM                           53       53        1         1
                bssCOMRAM                            50       50        3         1

        CLASS   ABS1           

        CLASS   BIGRAM         

        CLASS   RAM            

        CLASS   BANK0          
                bssBANK0                             60       60        D         1

        CLASS   BANK1          

        CLASS   BANK2          

        CLASS   BANK3          

        CLASS   BANK4          

        CLASS   BANK5          

        CLASS   SFR            

        CLASS   BIGSFR         

        CLASS   CONFIG         
                config                           300000   300000        E         4

        CLASS   IDLOC          
                idloc                            200000   200000        8         5

        CLASS   EEDATA         

        CLASS   FARRAM         

        CLASS   HEAP           

        CLASS   STACK          



SEGMENTS        Name                           Load    Length   Top    Selector   Space  Class

                reset_vec                      000000  000004  000004         0       0  CODE    
                cstackCOMRAM                   000001  000053  000054         1       1  COMRAM  
                bssBANK0                       000060  00000D  00006D        60       1  BANK0   
                smallconst                     000600  000002  000602       300       0  SMALLCON
                text12                         000602  001236  001838       301       0  CODE    
                init                           002FFC  000005  003001      17FE       0  CODE    


UNUSED ADDRESS RANGES

        Name                Unused          Largest block    Delta
        BANK0            00006D-0000FF               93
        BANK1            000100-0001FF              100
        BANK2            000200-0002FF              100
        BANK3            000300-0003FF              100
        BANK4            000400-0004FF              100
        BANK5            000500-0005FF              100
        BIGRAM           000054-00005F                C
                         00006D-0005FF              593
        BIGSFR           000D00-000FFF              300
        CODE             000004-0005FF              5FC
                         001838-002FFB             17C4
        COMRAM           000054-00005F                C
        CONST            000004-0005FF              5FC
                         001838-002FFB             17C4
        EEDATA           F00000-F000FF              100
        MEDIUMCONST      001838-002FFB             17C4
        RAM              00006D-0005FF              100
        SFR              000D00-000FFF              100
        SMALLCONST       001838-002FFB              100

                                  Symbol Table

?___awdiv                    cstackCOMRAM 000001
?___awmod                    cstackCOMRAM 000009
?___fldiv                    cstackCOMRAM 000016
?___flmul                    cstackCOMRAM 000001
?___fltol                    cstackCOMRAM 00002F
?___xxtofl                   cstackCOMRAM 000008
?_read_adc                   cstackCOMRAM 000001
_ACQT0                       (abs)        007E03
_ACQT1                       (abs)        007E04
_ACQT2                       (abs)        007E05
_ADCON0                      (abs)        000FC2
_ADCON1                      (abs)        000FC1
_ADCS0                       (abs)        007E00
_ADCS1                       (abs)        007E01
_ADCS2                       (abs)        007E02
_ADFM                        (abs)        007E07
_ADON                        (abs)        007E10
_ADRESH                      (abs)        000FC4
_ADRESL                      (abs)        000FC3
_BRGCON1                     (abs)        000F70
_BRGCON2                     (abs)        000F71
_BRGCON3                     (abs)        000F72
_CANCON                      (abs)        000F6F
_CANSTAT                     (abs)        000F6E
_ECANCON                     (abs)        000F77
_GO                          (abs)        007E11
_GODONE                      (abs)        007E11
_PORTB                       (abs)        000F81
_PORTBbits                   (abs)        000F81
_PORTD                       (abs)        000F83
_RB7                         (abs)        007C0F
_RBPU                        (abs)        007F8F
_RC0                         (abs)        007C10
_RC1                         (abs)        007C11
_RC2                         (abs)        007C12
_RD7                         (abs)        007C1F
_RXB0CON                     (abs)        000F60
_RXB0D0                      (abs)        000F66
_RXB0D1                      (abs)        000F67
_RXB0D2                      (abs)        000F68
_RXB0D3                      (abs)        000F69
_RXB0D4                      (abs)        000F6A
_RXB0D5                      (abs)        000F6B
_RXB0D6                      (abs)        000F6C
_RXB0D7                      (abs)        000F6D
_RXB0DLC                     (abs)        000F65
_RXB0EIDH                    (abs)        000F63
_RXB0EIDL                    (abs)        000F64
_RXB0FUL                     (abs)        007B07
_RXB0IF                      (abs)        007D20
_RXB0SIDH                    (abs)        000F61
_RXB0SIDL                    (abs)        000F62
_RXF0EIDH                    (abs)        000F02
_RXF0EIDL                    (abs)        000F03
_RXF0SIDH                    (abs)        000F00
_RXF0SIDL                    (abs)        000F01
_RXFCON0                     (abs)        000DD4
_RXM0SIDH                    (abs)        000F18
_RXM0SIDL                    (abs)        000F19
_TRISB                       (abs)        000F93
_TRISB2                      (abs)        007C9A
_TRISB3                      (abs)        007C9B
_TRISB7                      (abs)        007C9F
_TRISC                       (abs)        000F94
_TRISD                       (abs)        000F95
_TRISD7                      (abs)        007CAF
_TXB0CONbits                 (abs)        000F40
_TXB0D0                      (abs)        000F46
_TXB0D1                      (abs)        000F47
_TXB0D2                      (abs)        000F48
_TXB0D3                      (abs)        000F49
_TXB0D4                      (abs)        000F4A
_TXB0D5                      (abs)        000F4B
_TXB0D6                      (abs)        000F4C
_TXB0D7                      (abs)        000F4D
_TXB0DLC                     (abs)        000F45
_TXB0EIDH                    (abs)        000F43
_TXB0EIDL                    (abs)        000F44
_TXB0REQ                     (abs)        007A03
_TXB0SIDH                    (abs)        000F41
_TXB0SIDL                    (abs)        000F42
_VCFG0                       (abs)        007E0C
_VCFG1                       (abs)        007E0D
__HRAM                       (abs)        000000
__H__absolute__              __absolute__ 000000
__Habs1                      abs1         000000
__Hbank0                     bank0        000000
__Hbank1                     bank1        000000
__Hbank2                     bank2        000000
__Hbank3                     bank3        000000
__Hbank4                     bank4        000000
__Hbank5                     bank5        000000
__Hbigbss                    bigbss       000000
__Hbigdata                   bigdata      000000
__Hbigram                    bigram       000000
__Hbigsfr                    bigsfr       000000
__Hbss                       bss          000000
__HbssBANK0                  bssBANK0     000000
__HbssCOMRAM                 bssCOMRAM    000000
__Hcinit                     cinit        000000
__Hclrtext                   clrtext      000000
__Hcomram                    comram       000000
__Hconfig                    config       30000E
__Hconst                     const        000000
__HcstackCOMRAM              cstackCOMRAM 000000
__Hdata                      data         000000
__HdataCOMRAM                dataCOMRAM   000000
__Heeprom_data               eeprom_data  000000
__Hfarbss                    farbss       000000
__Hfardata                   fardata      000000
__Hheap                      heap         000000
__Hibigdata                  ibigdata     000000
__Hidata                     idata        000000
__HidataCOMRAM               idataCOMRAM  000000
__Hidloc                     idloc        200008
__Hifardata                  ifardata     000000
__Hinit                      init         003000
__Hintcode                   intcode      000008
__Hintcode_body              intcode_body 000000
__Hintcodelo                 intcodelo    000018
__Hintentry                  intentry     000000
__Hintret                    intret       000000
__Hintsave_regs              intsave_regs 000000
__Hirdata                    irdata       000000
__Hmediumconst               mediumconst  000000
__HnvFARRAM                  nvFARRAM     000000
__Hnvbit                     nvbit        000000
__Hnvrram                    nvrram       000000
__Hparam                     rparam       000000
__Hpowerup                   powerup      000000
__Hram                       ram          000000
__Hramtop                    ramtop       000600
__Hrbit                      rbit         000000
__Hrbss                      rbss         000000
__Hrdata                     rdata        000000
__Hreset_vec                 reset_vec    000004
__Hrparam                    rparam       000000
__Hsfr                       sfr          000000
__Hsivt_hi                   sivt_hi      000000
__Hsivt_lo                   sivt_lo      000018
__Hsmallconst                smallconst   000602
__Hspace_0                   (abs)        003001
__Hspace_1                   (abs)        00006D
__Hspace_2                   (abs)        000000
__Hspace_4                   (abs)        60000E
__Hstack                     stack        000000
__Hstruct                    struct       000000
__Htemp                      temp         000000
__Htext                      text         000000
__Htext0                     text0        000000
__Htext1                     text1        000000
__Htext10                    text10       000000
__Htext11                    text11       000000
__Htext12                    text12       000000
__Htext13                    text13       000000
__Htext14                    text14       000000
__Htext15                    text15       000000
__Htext2                     text2        000000
__Htext3                     text3        000000
__Htext4                     text4        000000
__Htext5                     text5        000000
__Htext6                     text6        000000
__Htext7                     text7        000000
__Htext8                     text8        000000
__Htext9                     text9        000000
__LRAM                       (abs)        000001
__L__absolute__              __absolute__ 000000
__Labs1                      abs1         000000
__Lbank0                     bank0        000000
__Lbank1                     bank1        000000
__Lbank2                     bank2        000000
__Lbank3                     bank3        000000
__Lbank4                     bank4        000000
__Lbank5                     bank5        000000
__Lbigbss                    bigbss       000000
__Lbigdata                   bigdata      000000
__Lbigram                    bigram       000000
__Lbigsfr                    bigsfr       000000
__Lbss                       bss          000000
__LbssBANK0                  bssBANK0     000000
__LbssCOMRAM                 bssCOMRAM    000000
__Lcinit                     cinit        000000
__Lclrtext                   clrtext      000000
__Lcomram                    comram       000000
__Lconfig                    config       000000
__Lconst                     const        000000
__LcstackCOMRAM              cstackCOMRAM 000000
__Ldata                      data         000000
__LdataCOMRAM                dataCOMRAM   000000
__Leeprom_data               eeprom_data  000000
__Lfarbss                    farbss       000000
__Lfardata                   fardata      000000
__Lheap                      heap         000000
__Libigdata                  ibigdata     000000
__Lidata                     idata        000000
__LidataCOMRAM               idataCOMRAM  000000
__Lidloc                     idloc        000000
__Lifardata                  ifardata     000000
__Linit                      init         002FFC
__Lintcode                   intcode      000008
__Lintcode_body              intcode_body 000000
__Lintcodelo                 intcodelo    000018
__Lintentry                  intentry     000000
__Lintret                    intret       000000
__Lintsave_regs              intsave_regs 000000
__Lirdata                    irdata       000000
__Lmediumconst               mediumconst  000000
__LnvFARRAM                  nvFARRAM     000000
__Lnvbit                     nvbit        000000
__Lnvrram                    nvrram       000000
__Lparam                     rparam       000000
__Lpowerup                   powerup      000000
__Lram                       ram          000000
__Lramtop                    ramtop       000600
__Lrbit                      rbit         000000
__Lrbss                      rbss         000000
__Lrdata                     rdata        000000
__Lreset_vec                 reset_vec    000000
__Lrparam                    rparam       000000
__Lsfr                       sfr          000000
__Lsivt_hi                   sivt_hi      000000
__Lsivt_lo                   sivt_lo      000018
__Lsmallconst                smallconst   000600
__Lspace_0                   (abs)        000000
__Lspace_1                   (abs)        000000
__Lspace_2                   (abs)        000000
__Lspace_4                   (abs)        000000
__Lstack                     stack        000000
__Lstruct                    struct       000000
__Ltemp                      temp         000000
__Ltext                      text         000000
__Ltext0                     text0        000000
__Ltext1                     text1        000000
__Ltext10                    text10       000000
__Ltext11                    text11       000000
__Ltext12                    text12       000000
__Ltext13                    text13       000000
__Ltext14                    text14       000000
__Ltext15                    text15       000000
__Ltext2                     text2        000000
__Ltext3                     text3        000000
__Ltext4                     text4        000000
__Ltext5                     text5        000000
__Ltext6                     text6        000000
__Ltext7                     text7        000000
__Ltext8                     text8        000000
__Ltext9                     text9        000000
__S0                         (abs)        003001
__S1                         (abs)        00006D
__S4                         (abs)        000000
__S5                         (abs)        000000
___awdiv                     text15       0013AC
___awdiv@counter             cstackCOMRAM 000005
___awdiv@dividend            cstackCOMRAM 000001
___awdiv@divisor             cstackCOMRAM 000003
___awdiv@quotient            cstackCOMRAM 000007
___awdiv@sign                cstackCOMRAM 000006
___awmod                     text14       00146E
___awmod@counter             cstackCOMRAM 00000D
___awmod@dividend            cstackCOMRAM 000009
___awmod@divisor             cstackCOMRAM 00000B
___awmod@sign                cstackCOMRAM 00000E
___fldiv                     text13       000A28
___fldiv@a                   cstackCOMRAM 00001A
___fldiv@aexp                cstackCOMRAM 00002E
___fldiv@b                   cstackCOMRAM 000016
___fldiv@bexp                cstackCOMRAM 00002D
___fldiv@grs                 cstackCOMRAM 000029
___fldiv@new_exp             cstackCOMRAM 000027
___fldiv@rem                 cstackCOMRAM 000022
___fldiv@sign                cstackCOMRAM 000026
___flmul                     text12       000602
___flmul@a                   cstackCOMRAM 000005
___flmul@aexp                cstackCOMRAM 000012
___flmul@b                   cstackCOMRAM 000001
___flmul@bexp                cstackCOMRAM 000013
___flmul@grs                 cstackCOMRAM 00000E
___flmul@prod                cstackCOMRAM 000014
___flmul@sign                cstackCOMRAM 00000D
___flmul@temp                cstackCOMRAM 000018
___fltol                     text11       0012A6
___fltol@exp1                cstackCOMRAM 000038
___fltol@f1                  cstackCOMRAM 00002F
___fltol@sign1               cstackCOMRAM 000037
___heap_hi                   (abs)        000000
___heap_lo                   (abs)        000000
___inthi_sp                  stack        000000
___inthi_stack_hi            stack        000000
___inthi_stack_lo            stack        000000
___intlo_sp                  stack        000000
___intlo_stack_hi            stack        000000
___intlo_stack_lo            stack        000000
___param_bank                (abs)        000000
___rparam_used               (abs)        000001
___sp                        stack        000000
___stack_hi                  stack        000000
___stack_lo                  stack        000000
___xxtofl                    text10       0010F2
___xxtofl@arg                cstackCOMRAM 000012
___xxtofl@exp                cstackCOMRAM 000011
___xxtofl@sign               cstackCOMRAM 000010
___xxtofl@val                cstackCOMRAM 000008
__accesstop                  (abs)        000060
__activetblptr               (abs)        000000
__end_of___awdiv             text15       00146E
__end_of___awmod             text14       00151C
__end_of___fldiv             text13       000DB8
__end_of___flmul             text12       000A28
__end_of___fltol             text11       0013AC
__end_of___xxtofl            text10       0012A6
__end_of__initialization     cinit        001804
__end_of_can_transmit        text9        00164E
__end_of_clcd_write          text6        0017E0
__end_of_init_adc            text8        001826
__end_of_init_can            text7        001760
__end_of_init_clcd           text5        0015BA
__end_of_init_matrix_keypad  text4        001838
__end_of_main                text0        0010F2
__end_of_read_adc            text3        0017A6
__end_of_read_switches       text1        0016C2
__end_of_scan_key            text2        001716
__initialization             cinit        0017E0
__mediumconst                smallconst   000600
__pbssBANK0                  bssBANK0     000060
__pbssCOMRAM                 bssCOMRAM    000050
__pcinit                     cinit        0017E0
__pcstackCOMRAM              cstackCOMRAM 000001
__pdataCOMRAM                dataCOMRAM   000053
__pidataCOMRAM               idataCOMRAM  003000
__psmallconst                smallconst   000600
__ptext0                     text0        000DB8
__ptext1                     text1        00164E
__ptext10                    text10       0010F2
__ptext11                    text11       0012A6
__ptext12                    text12       000602
__ptext13                    text13       000A28
__ptext14                    text14       00146E
__ptext15                    text15       0013AC
__ptext2                     text2        0016C2
__ptext3                     text3        001760
__ptext4                     text4        001826
__ptext5                     text5        00151C
__ptext6                     text6        0017A6
__ptext7                     text7        001716
__ptext8                     text8        00180A
__ptext9                     text9        0015BA
__ramtop                     ramtop       000600
__smallconst                 smallconst   000600
_can_payload                 bssBANK0     000060
_can_transmit                text9        0015BA
_clcd_write                  text6        0017A6
_init_adc                    text8        00180A
_init_can                    text7        001716
_init_clcd                   text5        00151C
_init_matrix_keypad          text4        001826
_main                        text0        000DB8
_read_adc                    text3        001760
_read_switches               text1        00164E
_scan_key                    text2        0016C2
can_transmit@data            cstackCOMRAM 000003
can_transmit@dl              cstackCOMRAM 000001
can_transmit@msg             cstackCOMRAM 000004
clcd_write@byte              cstackCOMRAM 000002
clcd_write@control_bit       cstackCOMRAM 000001
end_of_initialization        cinit        001804
intlevel0                    text         000000
intlevel1                    text         000000
intlevel2                    text         000000
intlevel3                    text         000000
isa$std                      (abs)        000001
isa$xinst                    (abs)        000000
main@col                     cstackCOMRAM 000049
main@data                    cstackCOMRAM 00003B
main@i                       cstackCOMRAM 00004E
main@key                     cstackCOMRAM 00004D
main@speed                   cstackCOMRAM 000047
main@t                       cstackCOMRAM 000043
main@temp                    cstackCOMRAM 00004B
read_adc@channel             cstackCOMRAM 000007
read_adc@reg_val             cstackCOMRAM 000005
read_switches@detection_type cstackCOMRAM 000001
read_switches@key            bssCOMRAM    000052
read_switches@once           dataCOMRAM   000053
stackhi                      (abs)        000000
stacklo                      (abs)        000000
start                        init         002FFC
start_initialization         cinit        0017E0


MODULE INFORMATION

Module		Function		Class		Link	Load	Size
ec.c
		_main          		CODE           	0DB8	0000	826
		_init_adc      		CODE           	180A	0000	28
		_read_adc      		CODE           	1760	0000	70

ec.c estimated size: 924

matrix.c
		_init_matrix_keypad		CODE           	1826	0000	18
		_read_switches 		CODE           	164E	0000	116
		_scan_key      		CODE           	16C2	0000	84

matrix.c estimated size: 218

C:\Program Files\Microchip\xc8\v3.00\pic\sources\c99\common\awmod.c
		___awmod       		CODE           	146E	0000	174

C:\Program Files\Microchip\xc8\v3.00\pic\sources\c99\common\awmod.c estimated size: 174

C:\Program Files\Microchip\xc8\v3.00\pic\sources\c99\common\sprcmul.c
		___flmul       		CODE           	0602	0000	1062

C:\Program Files\Microchip\xc8\v3.00\pic\sources\c99\common\sprcmul.c estimated size: 1062

can_con.c
		_can_transmit  		CODE           	15BA	0000	148
		_init_can      		CODE           	1716	0000	74

can_con.c estimated size: 222

C:\Program Files\Microchip\xc8\v3.00\pic\sources\c99\common\sprcdiv.c
		___fldiv       		CODE           	0A28	0000	912

C:\Program Files\Microchip\xc8\v3.00\pic\sources\c99\common\sprcdiv.c estimated size: 912

shared
		__initialization		CODE           	17E0	0000	36

shared estimated size: 36

clcd.c
		_clcd_write    		CODE           	17A6	0000	58
		_init_clcd     		CODE           	151C	0000	158

clcd.c estimated size: 216

C:\Program Files\Microchip\xc8\v3.00\pic\sources\c99\common\xxtofl.c
		___xxtofl      		CODE           	10F2	0000	436

C:\Program Files\Microchip\xc8\v3.00\pic\sources\c99\common\xxtofl.c estimated size: 436

C:\Program Files\Microchip\xc8\v3.00\pic\sources\c99\common\awdiv.c
		___awdiv       		CODE           	13AC	0000	194

C:\Program Files\Microchip\xc8\v3.00\pic\sources\c99\common\awdiv.c estimated size: 194

C:\Program Files\Microchip\xc8\v3.00\pic\sources\c99\common\fltol.c
		___fltol       		CODE           	12A6	0000	262

C:\Program Files\Microchip\xc8\v3.00\pic\sources\c99\common\fltol.c estimated size: 262

