Microchip MPLAB XC8 Compiler V3.00

Linker command line:

-W-3 \
  --edf=C:\Program Files\Microchip\xc8\v3.00\pic\dat\20241204225717_en.msgs \
  -cn -h+dist/default/production\ec_2.X.production.sym \
  --cmf=dist/default/production\ec_2.X.production.cmf -z -Q18F4580 \
  -oC:\Users\Ramesh\AppData\Local\Temp\xcAsj3c.\driver_tmp_3.o \
  --defsym=__MPLAB_BUILD=1 --fixupoverflow=error \
  -Mdist/default/production/ec_2.X.production.map \
  --md=C:\Users\Ramesh\AppData\Local\Temp\xcAsj3c.\driver_tmp_0.dat -E1 \
  -ver=XC8 Compiler -ACODE=00h-03000h -ACONST=00h-03000h \
  -ASMALLCONST=0600h-06FFhx42,03000h-03000h -AMEDIUMCONST=0600h-03000h \
  -ACOMRAM=01h-05Fh -AABS1=00h-05FFh -ABIGRAM=01h-05FFh \
  -ARAM=060h-0FFh,0100h-01FFhx5 -ABANK0=060h-0FFh -ABANK1=0100h-01FFh \
  -ABANK2=0200h-02FFh -ABANK3=0300h-03FFh -ABANK4=0400h-04FFh \
  -ABANK5=0500h-05FFh -ASFR=0D00h-0DFFhx2,0F00h-0F5Fh,0F60h-0FFFh \
  -ABIGSFR=0D00h-0FFFh -ACONFIG=0300000h-030000Dh -AIDLOC=0200000h-0200007h \
  -AEEDATA=0F00000h-0F000FFh -peeprom_data=EEDATA \
  -preset_vec=00h,intcode=8h,intcodelo=18h,sivt_lo,sivt_hi=CODE \
  -ppowerup=CODE,init -pramtop=0600h -psmallconst=SMALLCONST \
  -pmediumconst=MEDIUMCONST -pconst=CONST -AFARRAM=00h-00h \
  -prdata=COMRAM,nvrram=COMRAM,nvbit=COMRAM,rbss=COMRAM,rbit=COMRAM \
  -pfarbss=FARRAM,fardata=FARRAM,nvFARRAM=FARRAM \
  -pintsave_regs=BIGRAM,bigbss=BIGRAM,bigdata=BIGRAM -pbss=RAM \
  -pidata=CODE,irdata=CODE,ibigdata=CODE,ifardata=CODE -prparam=COMRAM \
  C:\Users\Ramesh\AppData\Local\Temp\xcAsj3c.\driver_tmp_9.o \
  dist/default/production\ec_2.X.production.o 

Object code version is 3.11

Machine type is 18F4580



                Name                               Link     Load   Length Selector   Space Scale
C:\Users\Ramesh\AppData\Local\Temp\xcAsj3c.\driver_tmp_9.o
                idloc                            200000   200000        8        0       5
                config                           300000   300000        E        0       4
                init                               2FFC     2FFC        4     17FE       0
                reset_vec                             0        0        4        0       0
dist/default/production\ec_2.X.production.o
                idloc                            200000   200000        8        0       5
                config                           300000   300000        E        0       4
                smallconst                          600      600        2      300       0
                text10                              F08      F08       C2      301       0
                text9                               FCA      FCA       AE      301       0
                text8                               602      602      426      301       0
                text7                               E02      E02      106      301       0
                text6                               C4E      C4E      1B4      301       0
                text5                              1078     1078       92      301       0
                text4                              125C     125C       1C      301       0
                text3                              119A     119A       4A      301       0
                text2                              11E4     11E4       46      301       0
                text1                              110A     110A       90      301       0
                text0                               A28      A28      226      301       0
                cstackCOMRAM                          1        1       52        1       1
                bssBANK0                             60       60       16       60       1
                dataCOMRAM                           53       53        C        1       1
                cinit                              122A     122A       32      301       0
                idataCOMRAM                        1278     1278        C      301       0

TOTAL           Name                               Link     Load   Length     Space
        CLASS   CODE           
                init                               2FFC     2FFC        4         0
                reset_vec                             0        0        4         0
                text10                              F08      F08       C2         0
                text9                               FCA      FCA       AE         0
                text8                               602      602      426         0
                text7                               E02      E02      106         0
                text6                               C4E      C4E      1B4         0
                text5                              1078     1078       92         0
                text4                              125C     125C       1C         0
                text3                              119A     119A       4A         0
                text2                              11E4     11E4       46         0
                text1                              110A     110A       90         0
                text0                               A28      A28      226         0
                cinit                              122A     122A       32         0
                idataCOMRAM                        1278     1278        C         0

        CLASS   CONST          

        CLASS   SMALLCONST     
                smallconst                          600      600        2         0

        CLASS   MEDIUMCONST    

        CLASS   COMRAM         
                cstackCOMRAM                          1        1       52         1
                dataCOMRAM                           53       53        C         1

        CLASS   ABS1           

        CLASS   BIGRAM         

        CLASS   RAM            

        CLASS   BANK0          
                bssBANK0                             60       60       16         1

        CLASS   BANK1          

        CLASS   BANK2          

        CLASS   BANK3          

        CLASS   BANK4          

        CLASS   BANK5          

        CLASS   SFR            

        CLASS   BIGSFR         

        CLASS   CONFIG         
                config                           300000   300000        E         4

        CLASS   IDLOC          
                idloc                            200000   200000        8         5

        CLASS   EEDATA         

        CLASS   FARRAM         

        CLASS   HEAP           

        CLASS   STACK          



SEGMENTS        Name                           Load    Length   Top    Selector   Space  Class

                reset_vec                      000000  000004  000004         0       0  CODE    
                cstackCOMRAM                   000001  00005E  00005F         1       1  COMRAM  
                bssBANK0                       000060  000016  000076        60       1  BANK0   
                smallconst                     000600  000002  000602       300       0  SMALLCON
                text8                          000602  000C82  001284       301       0  CODE    
                init                           002FFC  000004  003000      17FE       0  CODE    


UNUSED ADDRESS RANGES

        Name                Unused          Largest block    Delta
        BANK0            000076-0000FF               8A
        BANK1            000100-0001FF              100
        BANK2            000200-0002FF              100
        BANK3            000300-0003FF              100
        BANK4            000400-0004FF              100
        BANK5            000500-0005FF              100
        BIGRAM           00005F-00005F                1
                         000076-0005FF              58A
        BIGSFR           000D00-000FFF              300
        CODE             000004-0005FF              5FC
                         001284-002FFB             1D78
                         003000-003000                1
        COMRAM           00005F-00005F                1
        CONST            000004-0005FF              5FC
                         001284-002FFB             1D78
                         003000-003000                1
        EEDATA           F00000-F000FF              100
        MEDIUMCONST      001284-002FFB             1D78
                         003000-003000                1
        RAM              000076-0005FF              100
        SFR              000D00-000FFF              100
        SMALLCONST       001284-002FFB              100
                         003000-003000                1

                                  Symbol Table

?___awdiv                cstackCOMRAM 000001
?___awmod                cstackCOMRAM 000009
?___flmul                cstackCOMRAM 000016
?___fltol                cstackCOMRAM 00002F
?___xxtofl               cstackCOMRAM 000008
?_read_adc               cstackCOMRAM 000001
_ACQT0                   (abs)        007E03
_ACQT1                   (abs)        007E04
_ACQT2                   (abs)        007E05
_ADCON0                  (abs)        000FC2
_ADCS0                   (abs)        007E00
_ADCS1                   (abs)        007E01
_ADCS2                   (abs)        007E02
_ADFM                    (abs)        007E07
_ADON                    (abs)        007E10
_ADRESH                  (abs)        000FC4
_ADRESL                  (abs)        000FC3
_BRGCON1                 (abs)        000F70
_BRGCON2                 (abs)        000F71
_BRGCON3                 (abs)        000F72
_CANCON                  (abs)        000F6F
_CANSTAT                 (abs)        000F6E
_ECANCON                 (abs)        000F77
_GO                      (abs)        007E11
_GODONE                  (abs)        007E11
_PORTA                   (abs)        000F80
_PORTC                   (abs)        000F82
_PORTD                   (abs)        000F83
_RB0                     (abs)        007C08
_RB1                     (abs)        007C09
_RB6                     (abs)        007C0E
_RB7                     (abs)        007C0F
_RXB0CON                 (abs)        000F60
_RXF0EIDH                (abs)        000F02
_RXF0EIDL                (abs)        000F03
_RXF0SIDH                (abs)        000F00
_RXF0SIDL                (abs)        000F01
_RXFCON0                 (abs)        000DD4
_RXM0SIDH                (abs)        000F18
_RXM0SIDL                (abs)        000F19
_TRISA                   (abs)        000F92
_TRISB0                  (abs)        007C98
_TRISB1                  (abs)        007C99
_TRISB2                  (abs)        007C9A
_TRISB3                  (abs)        007C9B
_TRISB6                  (abs)        007C9E
_TRISB7                  (abs)        007C9F
_TRISC                   (abs)        000F94
_TRISD                   (abs)        000F95
_TXB0CONbits             (abs)        000F40
_TXB0D0                  (abs)        000F46
_TXB0D1                  (abs)        000F47
_TXB0D2                  (abs)        000F48
_TXB0D3                  (abs)        000F49
_TXB0D4                  (abs)        000F4A
_TXB0D5                  (abs)        000F4B
_TXB0D6                  (abs)        000F4C
_TXB0D7                  (abs)        000F4D
_TXB0DLC                 (abs)        000F45
_TXB0EIDH                (abs)        000F43
_TXB0EIDL                (abs)        000F44
_TXB0REQ                 (abs)        007A03
_TXB0SIDH                (abs)        000F41
_TXB0SIDL                (abs)        000F42
_VCFG0                   (abs)        007E0C
_VCFG1                   (abs)        007E0D
__HRAM                   (abs)        000000
__H__absolute__          __absolute__ 000000
__Habs1                  abs1         000000
__Hbank0                 bank0        000000
__Hbank1                 bank1        000000
__Hbank2                 bank2        000000
__Hbank3                 bank3        000000
__Hbank4                 bank4        000000
__Hbank5                 bank5        000000
__Hbigbss                bigbss       000000
__Hbigdata               bigdata      000000
__Hbigram                bigram       000000
__Hbigsfr                bigsfr       000000
__Hbss                   bss          000000
__HbssBANK0              bssBANK0     000000
__Hcinit                 cinit        000000
__Hclrtext               clrtext      000000
__Hcomram                comram       000000
__Hconfig                config       30000E
__Hconst                 const        000000
__HcstackCOMRAM          cstackCOMRAM 000000
__Hdata                  data         000000
__HdataCOMRAM            dataCOMRAM   000000
__Heeprom_data           eeprom_data  000000
__Hfarbss                farbss       000000
__Hfardata               fardata      000000
__Hheap                  heap         000000
__Hibigdata              ibigdata     000000
__Hidata                 idata        000000
__HidataCOMRAM           idataCOMRAM  000000
__Hidloc                 idloc        200008
__Hifardata              ifardata     000000
__Hinit                  init         003000
__Hintcode               intcode      000008
__Hintcode_body          intcode_body 000000
__Hintcodelo             intcodelo    000018
__Hintentry              intentry     000000
__Hintret                intret       000000
__Hintsave_regs          intsave_regs 000000
__Hirdata                irdata       000000
__Hmediumconst           mediumconst  000000
__HnvFARRAM              nvFARRAM     000000
__Hnvbit                 nvbit        000000
__Hnvrram                nvrram       000000
__Hparam                 rparam       000000
__Hpowerup               powerup      000000
__Hram                   ram          000000
__Hramtop                ramtop       000600
__Hrbit                  rbit         000000
__Hrbss                  rbss         000000
__Hrdata                 rdata        000000
__Hreset_vec             reset_vec    000004
__Hrparam                rparam       000000
__Hsfr                   sfr          000000
__Hsivt_hi               sivt_hi      000000
__Hsivt_lo               sivt_lo      000018
__Hsmallconst            smallconst   000602
__Hspace_0               (abs)        003000
__Hspace_1               (abs)        000076
__Hspace_2               (abs)        000000
__Hspace_4               (abs)        60000E
__Hstack                 stack        000000
__Hstruct                struct       000000
__Htemp                  temp         000000
__Htext                  text         000000
__Htext0                 text0        000000
__Htext1                 text1        000000
__Htext10                text10       000000
__Htext2                 text2        000000
__Htext3                 text3        000000
__Htext4                 text4        000000
__Htext5                 text5        000000
__Htext6                 text6        000000
__Htext7                 text7        000000
__Htext8                 text8        000000
__Htext9                 text9        000000
__LRAM                   (abs)        000001
__L__absolute__          __absolute__ 000000
__Labs1                  abs1         000000
__Lbank0                 bank0        000000
__Lbank1                 bank1        000000
__Lbank2                 bank2        000000
__Lbank3                 bank3        000000
__Lbank4                 bank4        000000
__Lbank5                 bank5        000000
__Lbigbss                bigbss       000000
__Lbigdata               bigdata      000000
__Lbigram                bigram       000000
__Lbigsfr                bigsfr       000000
__Lbss                   bss          000000
__LbssBANK0              bssBANK0     000000
__Lcinit                 cinit        000000
__Lclrtext               clrtext      000000
__Lcomram                comram       000000
__Lconfig                config       000000
__Lconst                 const        000000
__LcstackCOMRAM          cstackCOMRAM 000000
__Ldata                  data         000000
__LdataCOMRAM            dataCOMRAM   000000
__Leeprom_data           eeprom_data  000000
__Lfarbss                farbss       000000
__Lfardata               fardata      000000
__Lheap                  heap         000000
__Libigdata              ibigdata     000000
__Lidata                 idata        000000
__LidataCOMRAM           idataCOMRAM  000000
__Lidloc                 idloc        000000
__Lifardata              ifardata     000000
__Linit                  init         002FFC
__Lintcode               intcode      000008
__Lintcode_body          intcode_body 000000
__Lintcodelo             intcodelo    000018
__Lintentry              intentry     000000
__Lintret                intret       000000
__Lintsave_regs          intsave_regs 000000
__Lirdata                irdata       000000
__Lmediumconst           mediumconst  000000
__LnvFARRAM              nvFARRAM     000000
__Lnvbit                 nvbit        000000
__Lnvrram                nvrram       000000
__Lparam                 rparam       000000
__Lpowerup               powerup      000000
__Lram                   ram          000000
__Lramtop                ramtop       000600
__Lrbit                  rbit         000000
__Lrbss                  rbss         000000
__Lrdata                 rdata        000000
__Lreset_vec             reset_vec    000000
__Lrparam                rparam       000000
__Lsfr                   sfr          000000
__Lsivt_hi               sivt_hi      000000
__Lsivt_lo               sivt_lo      000018
__Lsmallconst            smallconst   000600
__Lspace_0               (abs)        000000
__Lspace_1               (abs)        000000
__Lspace_2               (abs)        000000
__Lspace_4               (abs)        000000
__Lstack                 stack        000000
__Lstruct                struct       000000
__Ltemp                  temp         000000
__Ltext                  text         000000
__Ltext0                 text0        000000
__Ltext1                 text1        000000
__Ltext10                text10       000000
__Ltext2                 text2        000000
__Ltext3                 text3        000000
__Ltext4                 text4        000000
__Ltext5                 text5        000000
__Ltext6                 text6        000000
__Ltext7                 text7        000000
__Ltext8                 text8        000000
__Ltext9                 text9        000000
__S0                     (abs)        003000
__S1                     (abs)        000076
__S4                     (abs)        000000
__S5                     (abs)        000000
___awdiv                 text10       000F08
___awdiv@counter         cstackCOMRAM 000005
___awdiv@dividend        cstackCOMRAM 000001
___awdiv@divisor         cstackCOMRAM 000003
___awdiv@quotient        cstackCOMRAM 000007
___awdiv@sign            cstackCOMRAM 000006
___awmod                 text9        000FCA
___awmod@counter         cstackCOMRAM 00000D
___awmod@dividend        cstackCOMRAM 000009
___awmod@divisor         cstackCOMRAM 00000B
___awmod@sign            cstackCOMRAM 00000E
___flmul                 text8        000602
___flmul@a               cstackCOMRAM 00001A
___flmul@aexp            cstackCOMRAM 000027
___flmul@b               cstackCOMRAM 000016
___flmul@bexp            cstackCOMRAM 000028
___flmul@grs             cstackCOMRAM 000023
___flmul@prod            cstackCOMRAM 000029
___flmul@sign            cstackCOMRAM 000022
___flmul@temp            cstackCOMRAM 00002D
___fltol                 text7        000E02
___fltol@exp1            cstackCOMRAM 000038
___fltol@f1              cstackCOMRAM 00002F
___fltol@sign1           cstackCOMRAM 000037
___heap_hi               (abs)        000000
___heap_lo               (abs)        000000
___inthi_sp              stack        000000
___inthi_stack_hi        stack        000000
___inthi_stack_lo        stack        000000
___intlo_sp              stack        000000
___intlo_stack_hi        stack        000000
___intlo_stack_lo        stack        000000
___param_bank            (abs)        000000
___rparam_used           (abs)        000001
___sp                    stack        000000
___stack_hi              stack        000000
___stack_lo              stack        000000
___xxtofl                text6        000C4E
___xxtofl@arg            cstackCOMRAM 000012
___xxtofl@exp            cstackCOMRAM 000011
___xxtofl@sign           cstackCOMRAM 000010
___xxtofl@val            cstackCOMRAM 000008
__accesstop              (abs)        000060
__activetblptr           (abs)        000000
__end_of___awdiv         text10       000FCA
__end_of___awmod         text9        001078
__end_of___flmul         text8        000A28
__end_of___fltol         text7        000F08
__end_of___xxtofl        text6        000E02
__end_of__initialization cinit        001256
__end_of_can_transmit    text5        00110A
__end_of_init_adc        text4        001278
__end_of_init_can        text3        0011E4
__end_of_main            text0        000C4E
__end_of_read_adc        text2        00122A
__end_of_read_dk_switch  text1        00119A
__initialization         cinit        00122A
__mediumconst            smallconst   000600
__pbssBANK0              bssBANK0     000060
__pcinit                 cinit        00122A
__pcstackCOMRAM          cstackCOMRAM 000001
__pdataCOMRAM            dataCOMRAM   000053
__pidataCOMRAM           idataCOMRAM  001278
__psmallconst            smallconst   000600
__ptext0                 text0        000A28
__ptext1                 text1        00110A
__ptext10                text10       000F08
__ptext2                 text2        0011E4
__ptext3                 text3        00119A
__ptext4                 text4        00125C
__ptext5                 text5        001078
__ptext6                 text6        000C4E
__ptext7                 text7        000E02
__ptext8                 text8        000602
__ptext9                 text9        000FCA
__ramtop                 ramtop       000600
__smallconst             smallconst   000600
_can_payload             bssBANK0     000060
_can_transmit            text5        001078
_init_adc                text4        00125C
_init_can                text3        00119A
_main                    text0        000A28
_read_adc                text2        0011E4
_read_dk_switch          text1        00110A
can_transmit@data        cstackCOMRAM 000003
can_transmit@dl          cstackCOMRAM 000001
can_transmit@msg         cstackCOMRAM 000004
end_of_initialization    cinit        001256
intlevel0                text         000000
intlevel1                text         000000
intlevel2                text         000000
intlevel3                text         000000
isa$std                  (abs)        000001
isa$xinst                (abs)        000000
main@F10486              dataCOMRAM   000053
main@data                cstackCOMRAM 000045
main@digit               cstackCOMRAM 00003B
main@left                cstackCOMRAM 00004E
main@right               cstackCOMRAM 00004F
main@rpm                 cstackCOMRAM 000050
main@sw                  cstackCOMRAM 000052
read_adc@channel         cstackCOMRAM 000007
read_adc@reg_val         cstackCOMRAM 000005
read_dk_switch@det       cstackCOMRAM 000001
read_dk_switch@flag      dataCOMRAM   00005D
stackhi                  (abs)        000000
stacklo                  (abs)        000000
start                    init         002FFC
start_initialization     cinit        00122A


MODULE INFORMATION

Module		Function		Class		Link	Load	Size
C:\Program Files\Microchip\xc8\v3.00\pic\sources\c99\common\awmod.c
		___awmod       		CODE           	0FCA	0000	174

C:\Program Files\Microchip\xc8\v3.00\pic\sources\c99\common\awmod.c estimated size: 174

C:\Program Files\Microchip\xc8\v3.00\pic\sources\c99\common\sprcmul.c
		___flmul       		CODE           	0602	0000	1062

C:\Program Files\Microchip\xc8\v3.00\pic\sources\c99\common\sprcmul.c estimated size: 1062

shared
		__initialization		CODE           	122A	0000	44

shared estimated size: 44

C:\Program Files\Microchip\xc8\v3.00\pic\sources\c99\common\xxtofl.c
		___xxtofl      		CODE           	0C4E	0000	436

C:\Program Files\Microchip\xc8\v3.00\pic\sources\c99\common\xxtofl.c estimated size: 436

can_con_ec2.c
		_can_transmit  		CODE           	1078	0000	146
		_init_can      		CODE           	119A	0000	74

can_con_ec2.c estimated size: 220

C:\Program Files\Microchip\xc8\v3.00\pic\sources\c99\common\awdiv.c
		___awdiv       		CODE           	0F08	0000	194

C:\Program Files\Microchip\xc8\v3.00\pic\sources\c99\common\awdiv.c estimated size: 194

C:\Program Files\Microchip\xc8\v3.00\pic\sources\c99\common\fltol.c
		___fltol       		CODE           	0E02	0000	262

C:\Program Files\Microchip\xc8\v3.00\pic\sources\c99\common\fltol.c estimated size: 262

main.c
		_main          		CODE           	0A28	0000	550
		_init_adc      		CODE           	125C	0000	28
		_read_adc      		CODE           	11E4	0000	70
		_read_dk_switch		CODE           	110A	0000	144

main.c estimated size: 792

